
--- Job Ex2-2-automobile.gms Start 09/20/26 21:12:26 54.4.0 9a60ae27 DAX-DAC arm 64bit/macOS
--- Applying:
    /Library/Frameworks/GAMS.framework/Versions/54/Resources/gmsprmun.txt
--- GAMS Parameters defined
    Input /Users/bashar/Desktop/GAMS/CEE_6410_Rosenberg/CEE-6410-Rosenberg/Ex2-2-automobile.gms
    PageSize 0
    ScrDir /Users/bashar/Desktop/GAMS/CEE_6410_Rosenberg/CEE-6410-Rosenberg/225a/
    SysDir /Library/Frameworks/GAMS.framework/Versions/54/Resources/
    LogOption 3
    AppendLog 1
    ErrMsg 1
    ErrorLog 99
    IDE 1
    LstTitleLeftAligned 1
Licensee: Course License                                 G260818+0003Ac-GEN
          Utah State University                                     DCE5615
          225a/gamslice.dat
          1d9a2824-f32d-4897
          node:27619205 mem:16 cores:10 ipport:60955 v:2                   
          Course license for use within the course and related course work
          The time-limited license stops working on : Jun 14, 2027
System information: 10 physical cores and 16 Gb physical memory detected
GAMS 54.4.0   Copyright (C) 1987-2026 GAMS Development. All rights reserved
--- Starting compilation
--- Ex2-2-automobile.gms(50) 3 Mb
--- Starting execution: elapsed 0:00:00.003
--- Generating LP model PRODUCTION
--- Ex2-2-automobile.gms(47) 4 Mb
---   4 rows  3 columns  9 non-zeroes
--- Range statistics (absolute non-zero finite values)
--- RHS       [min, max] : [ 1.200E+04, 4.000E+06] - Zero values observed as well
--- Bound     [min, max] : [        NA,        NA] - Zero values observed as well
--- Matrix    [min, max] : [ 1.000E+00, 7.000E+03]
--- Executing CPLEX (Solvelink=2): elapsed 0:00:00.009

IBM ILOG CPLEX   54.4.0 9a60ae27 Sep 9, 2026           DAC arm 64bit/macOS    

*** This solver runs with a community license.
--- GMO setup time: 0.00s
--- GMO memory 0.50 Mb (peak 0.50 Mb)
--- Dictionary memory 0.00 Mb
--- Cplex 22.1.2.0 link memory 0.00 Mb (peak 0.00 Mb)
--- Starting Cplex

Version identifier: 22.1.2.0 | 2024-12-02 | 8bd2200c8
CPXPARAM_Advance                                 0
CPXPARAM_Simplex_Display                         2
CPXPARAM_MIP_Display                             4
CPXPARAM_MIP_Pool_Capacity                       0
3036                                             1
CPXPARAM_Preprocessing_QCPDuals                  0
CPXPARAM_MIP_Tolerances_AbsMIPGap                0
Tried aggregator 1 time.
LP Presolve eliminated 0 rows and 1 columns.
Reduced LP has 3 rows, 2 columns, and 6 nonzeros.
Presolve time = 0.00 sec. (0.00 ticks)

Iteration      Dual Objective            In Variable           Out Variable
     1 sI            0.000000             X(Minivan)RES_CONSTRAIN(Lab slack
     2        22333333.333333                X(Coup)RES_CONSTRAIN(Met slack
     3        20000000.000000RES_CONSTRAIN(Lab slackRES_CONSTRAIN(Cir slack

--- LP status (1): optimal.
--- Cplex Time: 0.00sec (det. 0.01 ticks)


Optimal solution found
Objective:     20000000.000000

--- Reading solution for model PRODUCTION
*** Status: Normal completion
--- Job Ex2-2-automobile.gms Stop 09/20/26 21:12:26 elapsed 0:00:00.050
