
--- Job HW2_Dual copy.gms Start 10/01/26 15:58:50 54.4.0 9a60ae27 DAX-DAC arm 64bit/macOS
--- Applying:
    /Library/Frameworks/GAMS.framework/Versions/54/Resources/gmsprmun.txt
--- GAMS Parameters defined
    Input "/Users/bashar/Desktop/GAMS/CEE_6410_Rosenberg/CEE-6410-Rosenberg/HW2_Dual copy.gms"
    PageSize 0
    ScrDir /Users/bashar/Desktop/GAMS/CEE_6410_Rosenberg/CEE-6410-Rosenberg/225a/
    SysDir /Library/Frameworks/GAMS.framework/Versions/54/Resources/
    LogOption 3
    AppendLog 1
    ErrMsg 1
    ErrorLog 99
    IDE 1
    LstTitleLeftAligned 1
Licensee: Course License                                 G260818+0003Ac-GEN
          Utah State University                                     DCE5615
          225a/gamslice.dat
          1d9a2824-f32d-4897
          node:27619205 mem:16 cores:10 ipport:57053 v:2                   
          Course license for use within the course and related course work
          The time-limited license stops working on : Jun 14, 2027
System information: 10 physical cores and 16 Gb physical memory detected
GAMS 54.4.0   Copyright (C) 1987-2026 GAMS Development. All rights reserved
--- Starting compilation
--- HW2_Dual copy.gms(78) 3 Mb
--- Starting execution: elapsed 0:00:00.003
--- HW2_Dual copy.gms(56) 4 Mb
--- Generating LP model PLANT_PRIMAL
--- HW2_Dual copy.gms(64) 4 Mb
---   5 rows  3 columns  10 non-zeroes
--- Range statistics (absolute non-zero finite values)
--- RHS       [min, max] : [ 6.000E+03, 1.800E+04] - Zero values observed as well
--- Bound     [min, max] : [ 5.000E+00, 5.000E+00]
--- Matrix    [min, max] : [ 1.000E+00, 1.200E+02]
--- Executing CPLEX (Solvelink=2): elapsed 0:00:00.010

IBM ILOG CPLEX   54.4.0 9a60ae27 Sep 9, 2026           DAC arm 64bit/macOS    

*** This solver runs with a community license.

--- Reading option file '/Users/bashar/Desktop/GAMS/CEE_6410_Rosenberg/CEE-6410-Rosenberg/cplex.opt' failed: Cannot open file.

--- GMO setup time: 0.00s
--- GMO memory 0.50 Mb (peak 0.50 Mb)
--- Dictionary memory 0.00 Mb
--- Cplex 22.1.2.0 link memory 0.00 Mb (peak 0.00 Mb)
--- Starting Cplex

Version identifier: 22.1.2.0 | 2024-12-02 | 8bd2200c8
CPXPARAM_Advance                                 0
CPXPARAM_Simplex_Display                         2
CPXPARAM_MIP_Display                             4
CPXPARAM_MIP_Pool_Capacity                       0
3036                                             1
CPXPARAM_Preprocessing_QCPDuals                  0
CPXPARAM_MIP_Tolerances_AbsMIPGap                0
Tried aggregator 1 time.
LP Presolve eliminated 1 rows and 1 columns.
Reduced LP has 3 rows, 2 columns, and 6 nonzeros.
Presolve time = 0.00 sec. (0.00 ticks)

Iteration      Dual Objective            In Variable           Out Variable
     1  I            0.000000               X(Grain)RES_CONS_PRIMAL(J slack
     2         1213333.333333                 X(Hay)RES_CONS_PRIMAL(J slack
     3         1160000.000000RES_CONS_PRIMAL(J slackRES_CONS_PRIMAL(T slack

--- LP status (1): optimal.
--- Cplex Time: 0.00sec (det. 0.01 ticks)


Optimal solution found
Objective:      1160000.000000

--- Reading solution for model PLANT_PRIMAL
--- Executing after solve: elapsed 0:00:00.051
--- Generating LP model PLANT_DUAL
--- HW2_Dual copy.gms(68) 4 Mb
---   3 rows  5 columns  12 non-zeroes
--- Range statistics (absolute non-zero finite values)
--- RHS       [min, max] : [ 1.000E+02, 1.200E+02] - Zero values observed as well
--- Bound     [min, max] : [        NA,        NA] - Zero values observed as well
--- Matrix    [min, max] : [ 1.000E+00, 1.800E+04]
--- Executing CPLEX (Solvelink=2): elapsed 0:00:00.052

IBM ILOG CPLEX   54.4.0 9a60ae27 Sep 9, 2026           DAC arm 64bit/macOS    

*** This solver runs with a community license.
--- GMO setup time: 0.00s
--- GMO memory 0.50 Mb (peak 0.50 Mb)
--- Dictionary memory 0.00 Mb
--- Cplex 22.1.2.0 link memory 0.00 Mb (peak 0.00 Mb)
--- Starting Cplex

Version identifier: 22.1.2.0 | 2024-12-02 | 8bd2200c8
CPXPARAM_Advance                                 0
CPXPARAM_Simplex_Display                         2
CPXPARAM_MIP_Display                             4
CPXPARAM_MIP_Pool_Capacity                       0
3036                                             1
CPXPARAM_Preprocessing_QCPDuals                  0
CPXPARAM_MIP_Tolerances_AbsMIPGap                0
Tried aggregator 1 time.
LP Presolve eliminated 0 rows and 1 columns.
Reduced LP has 2 rows, 4 columns, and 7 nonzeros.
Presolve time = 0.00 sec. (0.00 ticks)

Iteration      Dual Objective            In Variable           Out Variable
     1         1080000.000000                Y(July)RES_CONS_DUAL(Gra slack
     2         1160000.000000           Y(Totalcars)RES_CONS_DUAL(Hay slack

--- LP status (1): optimal.
--- Cplex Time: 0.00sec (det. 0.00 ticks)


Optimal solution found
Objective:      1160000.000000

--- Reading solution for model PLANT_DUAL
--- Executing after solve: elapsed 0:00:00.068
--- HW2_Dual copy.gms(74) 4 Mb
--- GDX File (execute_unload) /Users/bashar/Desktop/GAMS/CEE_6410_Rosenberg/CEE-6410-Rosenberg/ExHW2Dual.gdx
--- HW2_Dual copy.gms(76) 4 Mb
sh: gdx2xls: command not found
*** Error at line 76: Execute has nonzero return code RC=127
--- HW2_Dual copy.gms(76) 4 Mb 1 Error
*** Status: Execution error(s)
--- Job HW2_Dual copy.gms Stop 10/01/26 15:58:50 elapsed 0:00:00.072
