
--- Job HW3_Automobile_Problem.gms Start 09/26/26 18:47:41 54.4.0 9a60ae27 DAX-DAC arm 64bit/macOS
--- Applying:
    /Library/Frameworks/GAMS.framework/Versions/54/Resources/gmsprmun.txt
--- GAMS Parameters defined
    Input /Users/bashar/Desktop/GAMS/CEE_6410_Rosenberg/CEE-6410-Rosenberg/HW3_Automobile_Problem.gms
    PageSize 0
    ScrDir /Users/bashar/Desktop/GAMS/CEE_6410_Rosenberg/CEE-6410-Rosenberg/225a/
    SysDir /Library/Frameworks/GAMS.framework/Versions/54/Resources/
    LogOption 3
    AppendLog 1
    ErrMsg 1
    ErrorLog 99
    IDE 1
    LstTitleLeftAligned 1
Licensee: Course License                                 G260818+0003Ac-GEN
          Utah State University                                     DCE5615
          225a/gamslice.dat
          1d9a2824-f32d-4897
          node:27619205 mem:16 cores:10 ipport:62549 v:2                   
          Course license for use within the course and related course work
          The time-limited license stops working on : Jun 14, 2027
System information: 10 physical cores and 16 Gb physical memory detected
GAMS 54.4.0   Copyright (C) 1987-2026 GAMS Development. All rights reserved
--- Starting compilation
--- HW3_Automobile_Problem.gms(88) 3 Mb
--- Starting execution: elapsed 0:00:00.004
--- HW3_Automobile_Problem.gms(81) 4 Mb
--- Generating LP model NETWORK
--- HW3_Automobile_Problem.gms(85) 4 Mb
---   7 rows  9 columns  25 non-zeroes
--- Range statistics (absolute non-zero finite values)
--- RHS       [min, max] : [ 2.500E+02, 1.000E+03] - Zero values observed as well
--- Bound     [min, max] : [        NA,        NA] - Zero values observed as well
--- Matrix    [min, max] : [ 1.000E+00, 2.100E+01]
--- Executing CPLEX (Solvelink=2): elapsed 0:00:00.010

IBM ILOG CPLEX   54.4.0 9a60ae27 Sep 9, 2026           DAC arm 64bit/macOS    

*** This solver runs with a community license.
--- GMO setup time: 0.00s
--- GMO memory 0.50 Mb (peak 0.50 Mb)
--- Dictionary memory 0.00 Mb
--- Cplex 22.1.2.0 link memory 0.00 Mb (peak 0.00 Mb)
--- Starting Cplex

Version identifier: 22.1.2.0 | 2024-12-02 | 8bd2200c8
CPXPARAM_Advance                                 0
CPXPARAM_Simplex_Display                         2
CPXPARAM_MIP_Display                             4
CPXPARAM_MIP_Pool_Capacity                       0
3036                                             1
CPXPARAM_Preprocessing_QCPDuals                  0
CPXPARAM_MIP_Tolerances_AbsMIPGap                0
Tried aggregator 1 time.
LP Presolve eliminated 0 rows and 1 columns.
Reduced LP has 6 rows, 8 columns, and 16 nonzeros.
Presolve time = 0.00 sec. (0.00 ticks)

Iteration      Dual Objective            In Variable           Out Variable
     1            7650.000000      X(Dallas,Seattle)RES_CONSTRAIN2(Se slack
     2           15750.000000 X(Kansas,Sanfrancisco)RES_CONSTRAIN2(Sa slack
     3           17350.000000      X(Kansas,Newyork)RES_CONSTRAIN2(Ne slack
     4           20350.000000  X(Kansas,Minneapolis)RES_CONSTRAIN2(Mi slack
     5           20650.000000  X(Dallas,Minneapolis)RES_CONSTRAIN1(Ka slack

--- LP status (1): optimal.
--- Cplex Time: 0.00sec (det. 0.01 ticks)


Optimal solution found
Objective:        20650.000000

--- Reading solution for model NETWORK
*** Status: Normal completion
--- Job HW3_Automobile_Problem.gms Stop 09/26/26 18:47:41 elapsed 0:00:00.050
